=== Building cuSPARSE benchmark ===
rm -f cusparse_spgemm
nvcc -O3 -gencode=arch=compute_80,code=sm_80 src/cusparse_spgemm.cu -o cusparse_spgemm -I/uufs/chpc.utah.edu/sys/spack/v019/linux-rocky8-nehalem/gcc-8.5.0/cuda-12.5.0-7pt27rceb2uulofwak7zo3xkzspxgkg2/include -L/uufs/chpc.utah.edu/sys/spack/v019/linux-rocky8-nehalem/gcc-8.5.0/cuda-12.5.0-7pt27rceb2uulofwak7zo3xkzspxgkg2/lib64 -lcudart -lcusparse
/uufs/chpc.utah.edu/common/home/u1446071/repos/gpu_spgemm_bench
=== cuSPARSE Full Benchmark ===
Date: Mon Mar 30 22:54:13 MDT 2026
NVIDIA A100 80GB PCIe, 81920 MiB
==========================================

=== C=A^2: 3Dspectralwave2 ===
Device [0] NVIDIA A100 80GB PCIe
Loading /scratch/general/vast/u1446071/spgemm_matrices/3Dspectralwave2.mtx
timeout: the monitored command dumped core
[ERROR] 3Dspectralwave2 failed (exit=139)

=== C=A^2: 3Dspectralwave ===
Device [0] NVIDIA A100 80GB PCIe
Loading /scratch/general/vast/u1446071/spgemm_matrices/3Dspectralwave.mtx
timeout: the monitored command dumped core
[ERROR] 3Dspectralwave failed (exit=139)

=== C=A^2: 3dtube ===
Device [0] NVIDIA A100 80GB PCIe
Loading /scratch/general/vast/u1446071/spgemm_matrices/3dtube.mtx
A: 45330 x 45330, nnz = 3213618
SpGEMM flops = 299381624
nnzC = 23716476
cuSPARSE time = 26.24 ms, GFlops = 22.82

=== C=A^2: af_0_k101 ===
Device [0] NVIDIA A100 80GB PCIe
Loading /scratch/general/vast/u1446071/spgemm_matrices/af_0_k101.mtx
A: 503625 x 503625, nnz = 17550675
SpGEMM flops = 612413375
nnzC = 47472025
cuSPARSE time = 29.46 ms, GFlops = 41.58

=== C=A^2: af_1_k101 ===
Device [0] NVIDIA A100 80GB PCIe
Loading /scratch/general/vast/u1446071/spgemm_matrices/af_1_k101.mtx
A: 503625 x 503625, nnz = 17550675
SpGEMM flops = 612413375
nnzC = 47472025
cuSPARSE time = 29.44 ms, GFlops = 41.61

=== C=A^2: af_2_k101 ===
Device [0] NVIDIA A100 80GB PCIe
Loading /scratch/general/vast/u1446071/spgemm_matrices/af_2_k101.mtx
A: 503625 x 503625, nnz = 17550675
SpGEMM flops = 612413375
nnzC = 47472025
cuSPARSE time = 29.53 ms, GFlops = 41.48

=== C=A^2: af_3_k101 ===
Device [0] NVIDIA A100 80GB PCIe
Loading /scratch/general/vast/u1446071/spgemm_matrices/af_3_k101.mtx
A: 503625 x 503625, nnz = 17550675
SpGEMM flops = 612413375
nnzC = 47472025
cuSPARSE time = 29.46 ms, GFlops = 41.58

=== C=A^2: af_4_k101 ===
Device [0] NVIDIA A100 80GB PCIe
Loading /scratch/general/vast/u1446071/spgemm_matrices/af_4_k101.mtx
A: 503625 x 503625, nnz = 17550675
SpGEMM flops = 612413375
nnzC = 47472025
cuSPARSE time = 29.53 ms, GFlops = 41.48

=== C=A^2: af_5_k101 ===
Device [0] NVIDIA A100 80GB PCIe
Loading /scratch/general/vast/u1446071/spgemm_matrices/af_5_k101.mtx
A: 503625 x 503625, nnz = 17550675
SpGEMM flops = 612413375
nnzC = 47472025
cuSPARSE time = 29.52 ms, GFlops = 41.50

=== C=A^2: af_shell10 ===
Device [0] NVIDIA A100 80GB PCIe
Loading /scratch/general/vast/u1446071/spgemm_matrices/af_shell10.mtx
A: 1508065 x 1508065, nnz = 52672325
SpGEMM flops = 1840916875
nnzC = 142742975
cuSPARSE time = 87.99 ms, GFlops = 41.84

=== C=A^2: af_shell1 ===
Device [0] NVIDIA A100 80GB PCIe
Loading /scratch/general/vast/u1446071/spgemm_matrices/af_shell1.mtx
A: 504855 x 504855, nnz = 17588875
SpGEMM flops = 613607875
nnzC = 47560375
cuSPARSE time = 29.51 ms, GFlops = 41.59

=== C=A^2: af_shell2 ===
Device [0] NVIDIA A100 80GB PCIe
Loading /scratch/general/vast/u1446071/spgemm_matrices/af_shell2.mtx
A: 504855 x 504855, nnz = 17588875
SpGEMM flops = 613607875
nnzC = 47560375
cuSPARSE time = 29.63 ms, GFlops = 41.42

=== C=A^2: af_shell3 ===
Device [0] NVIDIA A100 80GB PCIe
Loading /scratch/general/vast/u1446071/spgemm_matrices/af_shell3.mtx
A: 504855 x 504855, nnz = 17588875
SpGEMM flops = 613607875
nnzC = 47560375
cuSPARSE time = 29.52 ms, GFlops = 41.57

=== C=A^2: af_shell4 ===
Device [0] NVIDIA A100 80GB PCIe
Loading /scratch/general/vast/u1446071/spgemm_matrices/af_shell4.mtx
A: 504855 x 504855, nnz = 17588875
SpGEMM flops = 613607875
nnzC = 47560375
cuSPARSE time = 29.55 ms, GFlops = 41.52

=== C=A^2: af_shell5 ===
Device [0] NVIDIA A100 80GB PCIe
Loading /scratch/general/vast/u1446071/spgemm_matrices/af_shell5.mtx
A: 504855 x 504855, nnz = 17588875
SpGEMM flops = 613607875
nnzC = 47560375
cuSPARSE time = 29.55 ms, GFlops = 41.53

=== C=A^2: af_shell6 ===
Device [0] NVIDIA A100 80GB PCIe
Loading /scratch/general/vast/u1446071/spgemm_matrices/af_shell6.mtx
A: 504855 x 504855, nnz = 17588875
SpGEMM flops = 613607875
nnzC = 47560375
cuSPARSE time = 29.50 ms, GFlops = 41.60

=== C=A^2: af_shell7 ===
Device [0] NVIDIA A100 80GB PCIe
Loading /scratch/general/vast/u1446071/spgemm_matrices/af_shell7.mtx
A: 504855 x 504855, nnz = 17588875
SpGEMM flops = 613607875
nnzC = 47560375
cuSPARSE time = 29.53 ms, GFlops = 41.56

=== C=A^2: af_shell8 ===
Device [0] NVIDIA A100 80GB PCIe
Loading /scratch/general/vast/u1446071/spgemm_matrices/af_shell8.mtx
A: 504855 x 504855, nnz = 17588875
SpGEMM flops = 613607875
nnzC = 47560375
cuSPARSE time = 29.51 ms, GFlops = 41.59

=== C=A^2: af_shell9 ===
Device [0] NVIDIA A100 80GB PCIe
Loading /scratch/general/vast/u1446071/spgemm_matrices/af_shell9.mtx
A: 504855 x 504855, nnz = 17588875
SpGEMM flops = 613607875
nnzC = 47560375
cuSPARSE time = 29.56 ms, GFlops = 41.52

=== C=A^2: appu ===
Device [0] NVIDIA A100 80GB PCIe
Loading /scratch/general/vast/u1446071/spgemm_matrices/appu.mtx
A: 14000 x 14000, nnz = 1853104
SpGEMM flops = 263931154
nnzC = 133137482
cuSPARSE time = 46.18 ms, GFlops = 11.43

=== C=A^2: arabic-2005 ===
Device [0] NVIDIA A100 80GB PCIe
Loading /scratch/general/vast/u1446071/spgemm_matrices/arabic-2005.mtx
A: 22744080 x 22744080, nnz = 639999458
SpGEMM flops = 145037101189
cuSPARSE error src/cusparse_spgemm.cu:205: 11
[ERROR] arabic-2005 failed (exit=1)

=== C=A^2: as-Skitter ===
Device [0] NVIDIA A100 80GB PCIe
Loading /scratch/general/vast/u1446071/spgemm_matrices/as-Skitter.mtx
A: 1696415 x 1696415, nnz = 22190596
SpGEMM flops = 32065521958
cuSPARSE error src/cusparse_spgemm.cu:205: 11
[ERROR] as-Skitter failed (exit=1)

=== C=A^2: audikw_1 ===
Device [0] NVIDIA A100 80GB PCIe
Loading /scratch/general/vast/u1446071/spgemm_matrices/audikw_1.mtx
A: 943695 x 943695, nnz = 77651847
SpGEMM flops = 8089734897
cuSPARSE error src/cusparse_spgemm.cu:205: 11
[ERROR] audikw_1 failed (exit=1)

=== C=A^2: BenElechi1 ===
Device [0] NVIDIA A100 80GB PCIe
Loading /scratch/general/vast/u1446071/spgemm_matrices/BenElechi1.mtx
A: 245874 x 245874, nnz = 13150496
SpGEMM flops = 705555870
nnzC = 36261344
cuSPARSE time = 55.10 ms, GFlops = 25.61

=== C=A^2: bmw3_2 ===
Device [0] NVIDIA A100 80GB PCIe
Loading /scratch/general/vast/u1446071/spgemm_matrices/bmw3_2.mtx
A: 227362 x 227362, nnz = 11288630
SpGEMM flops = 603855148
nnzC = 36053036
cuSPARSE time = 49.50 ms, GFlops = 24.40

=== C=A^2: bmw7st_1 ===
Device [0] NVIDIA A100 80GB PCIe
Loading /scratch/general/vast/u1446071/spgemm_matrices/bmw7st_1.mtx
A: 141347 x 141347, nnz = 7339667
SpGEMM flops = 404009259
nnzC = 23574259
cuSPARSE time = 32.78 ms, GFlops = 24.65

=== C=A^2: bmwcra_1 ===
Device [0] NVIDIA A100 80GB PCIe
Loading /scratch/general/vast/u1446071/spgemm_matrices/bmwcra_1.mtx
A: 148770 x 148770, nnz = 10644002
SpGEMM flops = 812503802
nnzC = 49683708
cuSPARSE time = 51.17 ms, GFlops = 31.76

=== C=A^2: bone010 ===
Device [0] NVIDIA A100 80GB PCIe
Loading /scratch/general/vast/u1446071/spgemm_matrices/bone010.mtx
A: 986703 x 986703, nnz = 71666325
SpGEMM flops = 5451922539
cuSPARSE error src/cusparse_spgemm.cu:205: 11
[ERROR] bone010 failed (exit=1)

=== C=A^2: boneS01 ===
Device [0] NVIDIA A100 80GB PCIe
Loading /scratch/general/vast/u1446071/spgemm_matrices/boneS01.mtx
A: 127224 x 127224, nnz = 6715152
SpGEMM flops = 394029846
nnzC = 25515702
cuSPARSE time = 30.85 ms, GFlops = 25.54

=== C=A^2: boneS10 ===
Device [0] NVIDIA A100 80GB PCIe
Loading /scratch/general/vast/u1446071/spgemm_matrices/boneS10.mtx
A: 914898 x 914898, nnz = 55468422
SpGEMM flops = 3742712082
cuSPARSE error src/cusparse_spgemm.cu:205: 11
[ERROR] boneS10 failed (exit=1)

=== C=A^2: Bump_2911 ===
Device [0] NVIDIA A100 80GB PCIe
Loading /scratch/general/vast/u1446071/spgemm_matrices/Bump_2911.mtx
A: 2911419 x 2911419, nnz = 127729899
SpGEMM flops = 5745156927
cuSPARSE error src/cusparse_spgemm.cu:205: 11
[ERROR] Bump_2911 failed (exit=1)

=== C=A^2: bundle_adj ===
Device [0] NVIDIA A100 80GB PCIe
Loading /scratch/general/vast/u1446071/spgemm_matrices/bundle_adj.mtx
A: 513351 x 513351, nnz = 20208051
SpGEMM flops = 33076865781
cuSPARSE error src/cusparse_spgemm.cu:205: 11
[ERROR] bundle_adj failed (exit=1)

=== C=A^2: cage14 ===
Device [0] NVIDIA A100 80GB PCIe
Loading /scratch/general/vast/u1446071/spgemm_matrices/cage14.mtx
A: 1505785 x 1505785, nnz = 27130349
SpGEMM flops = 532205737
nnzC = 236999813
cuSPARSE time = 81.88 ms, GFlops = 13.00

=== C=A^2: cage15 ===
Device [0] NVIDIA A100 80GB PCIe
Loading /scratch/general/vast/u1446071/spgemm_matrices/cage15.mtx
A: 5154859 x 5154859, nnz = 99199551
SpGEMM flops = 2078631615
nnzC = 929023247
cuSPARSE time = 339.33 ms, GFlops = 12.25

=== C=A^2: cant ===
Device [0] NVIDIA A100 80GB PCIe
Loading /scratch/general/vast/u1446071/spgemm_matrices/cant.mtx
A: 62451 x 62451, nnz = 4007383
SpGEMM flops = 269486473
nnzC = 17440029
cuSPARSE time = 18.77 ms, GFlops = 28.72

=== C=A^2: case39 ===
Device [0] NVIDIA A100 80GB PCIe
Loading /scratch/general/vast/u1446071/spgemm_matrices/case39.mtx
A: 40216 x 40216, nnz = 1042160
SpGEMM flops = 4048569774
cuSPARSE error src/cusparse_spgemm.cu:205: 11
[ERROR] case39 failed (exit=1)

=== C=A^2: channel-500x100x100-b050 ===
Device [0] NVIDIA A100 80GB PCIe
Loading /scratch/general/vast/u1446071/spgemm_matrices/channel-500x100x100-b050.mtx
A: 4802000 x 4802000, nnz = 85362744
SpGEMM flops = 1522677096
nnzC = 436529632
cuSPARSE time = 72.41 ms, GFlops = 42.06

=== C=A^2: Chebyshev4 ===
Device [0] NVIDIA A100 80GB PCIe
Loading /scratch/general/vast/u1446071/spgemm_matrices/Chebyshev4.mtx
A: 68121 x 68121, nnz = 5377761
SpGEMM flops = 277056025
nnzC = 18870336
cuSPARSE time = 61.78 ms, GFlops = 8.97

=== C=A^2: circuit5M ===
Device [0] NVIDIA A100 80GB PCIe
Loading /scratch/general/vast/u1446071/spgemm_matrices/circuit5M.mtx
A: 5558326 x 5558326, nnz = 59524291
SpGEMM flops = 10230223504925
cuSPARSE error src/cusparse_spgemm.cu:205: 11
[ERROR] circuit5M failed (exit=1)

=== C=A^2: com-LiveJournal ===
Device [0] NVIDIA A100 80GB PCIe
Loading /scratch/general/vast/u1446071/spgemm_matrices/com-LiveJournal.mtx
A: 3997962 x 3997962, nnz = 69362378
SpGEMM flops = 8580898768
cuSPARSE error src/cusparse_spgemm.cu:205: 11
[ERROR] com-LiveJournal failed (exit=1)

=== C=A^2: com-Orkut ===
Device [0] NVIDIA A100 80GB PCIe
Loading /scratch/general/vast/u1446071/spgemm_matrices/com-Orkut.mtx
A: 3072441 x 3072441, nnz = 234370166
SpGEMM flops = 91485303308
cuSPARSE error src/cusparse_spgemm.cu:205: 11
[ERROR] com-Orkut failed (exit=1)

=== C=A^2: CO ===
Device [0] NVIDIA A100 80GB PCIe
Loading /scratch/general/vast/u1446071/spgemm_matrices/CO.mtx
A: 221119 x 221119, nnz = 7666057
SpGEMM flops = 276737749
nnzC = 100124359
cuSPARSE time = 43.35 ms, GFlops = 12.77

=== C=A^2: conf5_4-8x8-05 ===
Device [0] NVIDIA A100 80GB PCIe
Loading /scratch/general/vast/u1446071/spgemm_matrices/conf5_4-8x8-05.mtx
timeout: the monitored command dumped core
[ERROR] conf5_4-8x8-05 failed (exit=139)

=== C=A^2: consph ===
Device [0] NVIDIA A100 80GB PCIe
Loading /scratch/general/vast/u1446071/spgemm_matrices/consph.mtx
A: 83334 x 83334, nnz = 6010480
SpGEMM flops = 463845030
nnzC = 26539736
cuSPARSE time = 28.37 ms, GFlops = 32.70

=== C=A^2: cop20k_A ===
Device [0] NVIDIA A100 80GB PCIe
Loading /scratch/general/vast/u1446071/spgemm_matrices/cop20k_A.mtx
A: 121192 x 121192, nnz = 2624331
SpGEMM flops = 79883385
cuSPARSE error src/cusparse_spgemm.cu:222: 11
[ERROR] cop20k_A failed (exit=1)

=== C=A^2: coPapersCiteseer ===
Device [0] NVIDIA A100 80GB PCIe
Loading /scratch/general/vast/u1446071/spgemm_matrices/coPapersCiteseer.mtx
A: 434102 x 434102, nnz = 32073440
SpGEMM flops = 6822448658
cuSPARSE error src/cusparse_spgemm.cu:205: 11
[ERROR] coPapersCiteseer failed (exit=1)

=== C=A^2: coPapersDBLP ===
Device [0] NVIDIA A100 80GB PCIe
Loading /scratch/general/vast/u1446071/spgemm_matrices/coPapersDBLP.mtx
A: 540486 x 540486, nnz = 30491458
SpGEMM flops = 4091407036
cuSPARSE error src/cusparse_spgemm.cu:205: 11
[ERROR] coPapersDBLP failed (exit=1)

=== C=A^2: CoupCons3D ===
Device [0] NVIDIA A100 80GB PCIe
Loading /scratch/general/vast/u1446071/spgemm_matrices/CoupCons3D.mtx
A: 416800 x 416800, nnz = 22322336
SpGEMM flops = 1227203968
nnzC = 89148864
cuSPARSE time = 104.04 ms, GFlops = 23.59

=== C=A^2: crankseg_1 ===
Device [0] NVIDIA A100 80GB PCIe
Loading /scratch/general/vast/u1446071/spgemm_matrices/crankseg_1.mtx
A: 52804 x 52804, nnz = 10614210
SpGEMM flops = 2548688036
cuSPARSE error src/cusparse_spgemm.cu:205: 11
[ERROR] crankseg_1 failed (exit=1)

=== C=A^2: crankseg_2 ===
Device [0] NVIDIA A100 80GB PCIe
Loading /scratch/general/vast/u1446071/spgemm_matrices/crankseg_2.mtx
A: 63838 x 63838, nnz = 14148858
SpGEMM flops = 3722717858
cuSPARSE error src/cusparse_spgemm.cu:205: 11
[ERROR] crankseg_2 failed (exit=1)

=== C=A^2: Cube_Coup_dt0 ===
Device [0] NVIDIA A100 80GB PCIe
Loading /scratch/general/vast/u1446071/spgemm_matrices/Cube_Coup_dt0.mtx
A: 2164760 x 2164760, nnz = 127206144
SpGEMM flops = 7518203008
cuSPARSE error src/cusparse_spgemm.cu:205: 11
[ERROR] Cube_Coup_dt0 failed (exit=1)

=== C=A^2: Cube_Coup_dt6 ===
Device [0] NVIDIA A100 80GB PCIe
Loading /scratch/general/vast/u1446071/spgemm_matrices/Cube_Coup_dt6.mtx
A: 2164760 x 2164760, nnz = 127206144
SpGEMM flops = 7518203008
cuSPARSE error src/cusparse_spgemm.cu:205: 11
[ERROR] Cube_Coup_dt6 failed (exit=1)

=== C=A^2: CurlCurl_4 ===
Device [0] NVIDIA A100 80GB PCIe
Loading /scratch/general/vast/u1446071/spgemm_matrices/CurlCurl_4.mtx
A: 2380515 x 2380515, nnz = 26515867
SpGEMM flops = 297096317
nnzC = 133384865
cuSPARSE time = 15.54 ms, GFlops = 38.23

=== C=A^2: delaunay_n23 ===
Device [0] NVIDIA A100 80GB PCIe
Loading /scratch/general/vast/u1446071/spgemm_matrices/delaunay_n23.mtx
A: 8388608 x 8388608, nnz = 50331568
SpGEMM flops = 316961668
nnzC = 173665202
cuSPARSE time = 19.30 ms, GFlops = 32.84

=== C=A^2: delaunay_n24 ===
Device [0] NVIDIA A100 80GB PCIe
Loading /scratch/general/vast/u1446071/spgemm_matrices/delaunay_n24.mtx
A: 16777216 x 16777216, nnz = 100663202
SpGEMM flops = 633914372
nnzC = 347322258
cuSPARSE time = 38.95 ms, GFlops = 32.55

=== C=A^2: dgreen ===
Device [0] NVIDIA A100 80GB PCIe
Loading /scratch/general/vast/u1446071/spgemm_matrices/dgreen.mtx
A: 1200611 x 1200611, nnz = 38259877
SpGEMM flops = 1376588233
nnzC = 228101325
cuSPARSE time = 196.78 ms, GFlops = 13.99

=== C=A^2: dielFilterV2clx ===
Device [0] NVIDIA A100 80GB PCIe
Loading /scratch/general/vast/u1446071/spgemm_matrices/dielFilterV2clx.mtx
timeout: the monitored command dumped core
[ERROR] dielFilterV2clx failed (exit=139)

=== C=A^2: dielFilterV2real ===
Device [0] NVIDIA A100 80GB PCIe
Loading /scratch/general/vast/u1446071/spgemm_matrices/dielFilterV2real.mtx
A: 1157456 x 1157456, nnz = 48538952
SpGEMM flops = 2337362192
cuSPARSE error src/cusparse_spgemm.cu:205: 11
[ERROR] dielFilterV2real failed (exit=1)

=== C=A^2: dielFilterV3clx ===
Device [0] NVIDIA A100 80GB PCIe
Loading /scratch/general/vast/u1446071/spgemm_matrices/dielFilterV3clx.mtx
timeout: the monitored command dumped core
[ERROR] dielFilterV3clx failed (exit=139)

=== C=A^2: dielFilterV3real ===
Device [0] NVIDIA A100 80GB PCIe
Loading /scratch/general/vast/u1446071/spgemm_matrices/dielFilterV3real.mtx
A: 1102824 x 1102824, nnz = 89306020
SpGEMM flops = 8705461058
cuSPARSE error src/cusparse_spgemm.cu:205: 11
[ERROR] dielFilterV3real failed (exit=1)

=== C=A^2: Emilia_923 ===
Device [0] NVIDIA A100 80GB PCIe
Loading /scratch/general/vast/u1446071/spgemm_matrices/Emilia_923.mtx
A: 923136 x 923136, nnz = 41005206
SpGEMM flops = 1834209036
nnzC = 179867448
cuSPARSE time = 193.00 ms, GFlops = 19.01

=== C=A^2: eu-2005 ===
Device [0] NVIDIA A100 80GB PCIe
Loading /scratch/general/vast/u1446071/spgemm_matrices/eu-2005.mtx
A: 862664 x 862664, nnz = 19235140
SpGEMM flops = 849268919
cuSPARSE error src/cusparse_spgemm.cu:222: 11
[ERROR] eu-2005 failed (exit=1)

=== C=A^2: europe_osm ===
Device [0] NVIDIA A100 80GB PCIe
Loading /scratch/general/vast/u1446071/spgemm_matrices/europe_osm.mtx
A: 50912018 x 50912018, nnz = 108109320
SpGEMM flops = 241277568
cuSPARSE error src/cusparse_spgemm.cu:222: 11
[ERROR] europe_osm failed (exit=1)

=== C=A^2: exdata_1 ===
Device [0] NVIDIA A100 80GB PCIe
Loading /scratch/general/vast/u1446071/spgemm_matrices/exdata_1.mtx
A: 6001 x 6001, nnz = 2269501
SpGEMM flops = 3390807001
cuSPARSE error src/cusparse_spgemm.cu:205: 11
[ERROR] exdata_1 failed (exit=1)

=== C=A^2: F1 ===
Device [0] NVIDIA A100 80GB PCIe
Loading /scratch/general/vast/u1446071/spgemm_matrices/F1.mtx
A: 343791 x 343791, nnz = 26837113
SpGEMM flops = 2667510665
cuSPARSE error src/cusparse_spgemm.cu:205: 11
[ERROR] F1 failed (exit=1)

=== C=A^2: F2 ===
Device [0] NVIDIA A100 80GB PCIe
Loading /scratch/general/vast/u1446071/spgemm_matrices/F2.mtx
A: 71505 x 71505, nnz = 5294285
SpGEMM flops = 492807103
nnzC = 39648121
cuSPARSE time = 34.58 ms, GFlops = 28.50

=== C=A^2: Fault_639 ===
Device [0] NVIDIA A100 80GB PCIe
Loading /scratch/general/vast/u1446071/spgemm_matrices/Fault_639.mtx
A: 638802 x 638802, nnz = 28614564
SpGEMM flops = 1298780298
nnzC = 126633024
cuSPARSE time = 134.69 ms, GFlops = 19.28

=== C=A^2: fcondp2 ===
Device [0] NVIDIA A100 80GB PCIe
Loading /scratch/general/vast/u1446071/spgemm_matrices/fcondp2.mtx
A: 201822 x 201822, nnz = 11294316
SpGEMM flops = 650331072
nnzC = 34783596
cuSPARSE time = 49.05 ms, GFlops = 26.51

=== C=A^2: fem_hifreq_circuit ===
Device [0] NVIDIA A100 80GB PCIe
Loading /scratch/general/vast/u1446071/spgemm_matrices/fem_hifreq_circuit.mtx
timeout: the monitored command dumped core
[ERROR] fem_hifreq_circuit failed (exit=139)

=== C=A^2: Flan_1565 ===
Device [0] NVIDIA A100 80GB PCIe
Loading /scratch/general/vast/u1446071/spgemm_matrices/Flan_1565.mtx
A: 1564794 x 1564794, nnz = 117406044
SpGEMM flops = 9013434840
cuSPARSE error src/cusparse_spgemm.cu:205: 11
[ERROR] Flan_1565 failed (exit=1)

=== C=A^2: fullb ===
Device [0] NVIDIA A100 80GB PCIe
Loading /scratch/general/vast/u1446071/spgemm_matrices/fullb.mtx
A: 199187 x 199187, nnz = 11708077
SpGEMM flops = 720134257
nnzC = 39383685
cuSPARSE time = 54.32 ms, GFlops = 26.51

=== C=A^2: FullChip ===
Device [0] NVIDIA A100 80GB PCIe
Loading /scratch/general/vast/u1446071/spgemm_matrices/FullChip.mtx
A: 2987012 x 2987012, nnz = 26621990
SpGEMM flops = 9751394287841
cuSPARSE error src/cusparse_spgemm.cu:205: 11
[ERROR] FullChip failed (exit=1)

=== C=A^2: Ga10As10H30 ===
Device [0] NVIDIA A100 80GB PCIe
Loading /scratch/general/vast/u1446071/spgemm_matrices/Ga10As10H30.mtx
A: 113081 x 113081, nnz = 6115633
SpGEMM flops = 1098110645
nnzC = 75156365
cuSPARSE time = 115.64 ms, GFlops = 18.99

=== C=A^2: Ga19As19H42 ===
Device [0] NVIDIA A100 80GB PCIe
Loading /scratch/general/vast/u1446071/spgemm_matrices/Ga19As19H42.mtx
A: 133123 x 133123, nnz = 8884839
SpGEMM flops = 2010298639
nnzC = 108051533
cuSPARSE time = 211.53 ms, GFlops = 19.01

=== C=A^2: Ga3As3H12 ===
Device [0] NVIDIA A100 80GB PCIe
Loading /scratch/general/vast/u1446071/spgemm_matrices/Ga3As3H12.mtx
A: 61349 x 61349, nnz = 5970947
SpGEMM flops = 3677546507
cuSPARSE error src/cusparse_spgemm.cu:205: 11
[ERROR] Ga3As3H12 failed (exit=1)

=== C=A^2: Ga41As41H72 ===
Device [0] NVIDIA A100 80GB PCIe
Loading /scratch/general/vast/u1446071/spgemm_matrices/Ga41As41H72.mtx
A: 268096 x 268096, nnz = 18488476
SpGEMM flops = 4252622992
cuSPARSE error src/cusparse_spgemm.cu:205: 11
[ERROR] Ga41As41H72 failed (exit=1)

=== C=A^2: Ge87H76 ===
Device [0] NVIDIA A100 80GB PCIe
Loading /scratch/general/vast/u1446071/spgemm_matrices/Ge87H76.mtx
A: 112985 x 112985, nnz = 7892195
SpGEMM flops = 1469531179
nnzC = 99053985
cuSPARSE time = 140.24 ms, GFlops = 20.96

=== C=A^2: Ge99H100 ===
Device [0] NVIDIA A100 80GB PCIe
Loading /scratch/general/vast/u1446071/spgemm_matrices/Ge99H100.mtx
A: 112985 x 112985, nnz = 8451395
SpGEMM flops = 1642015363
nnzC = 105811785
cuSPARSE time = 154.60 ms, GFlops = 21.24

=== C=A^2: gearbox ===
Device [0] NVIDIA A100 80GB PCIe
Loading /scratch/general/vast/u1446071/spgemm_matrices/gearbox.mtx
A: 153746 x 153746, nnz = 9080404
SpGEMM flops = 572805818
nnzC = 32671334
cuSPARSE time = 40.03 ms, GFlops = 28.62

=== C=A^2: Geo_1438 ===
Device [0] NVIDIA A100 80GB PCIe
Loading /scratch/general/vast/u1446071/spgemm_matrices/Geo_1438.mtx
A: 1437960 x 1437960, nnz = 63156690
SpGEMM flops = 2801728386
cuSPARSE error src/cusparse_spgemm.cu:205: 11
[ERROR] Geo_1438 failed (exit=1)

=== C=A^2: gsm_106857 ===
Device [0] NVIDIA A100 80GB PCIe
Loading /scratch/general/vast/u1446071/spgemm_matrices/gsm_106857.mtx
A: 589446 x 589446, nnz = 21758924
SpGEMM flops = 947250936
nnzC = 132397052
cuSPARSE time = 119.97 ms, GFlops = 15.79

=== C=A^2: gupta2 ===
Device [0] NVIDIA A100 80GB PCIe
Loading /scratch/general/vast/u1446071/spgemm_matrices/gupta2.mtx
A: 62064 x 62064, nnz = 4248286
SpGEMM flops = 8157571640
cuSPARSE error src/cusparse_spgemm.cu:205: 11
[ERROR] gupta2 failed (exit=1)

=== C=A^2: gupta3 ===
Device [0] NVIDIA A100 80GB PCIe
Loading /scratch/general/vast/u1446071/spgemm_matrices/gupta3.mtx
A: 16783 x 16783, nnz = 9323427
SpGEMM flops = 30715971817
cuSPARSE error src/cusparse_spgemm.cu:205: 11
[ERROR] gupta3 failed (exit=1)

=== C=A^2: halfb ===
Device [0] NVIDIA A100 80GB PCIe
Loading /scratch/general/vast/u1446071/spgemm_matrices/halfb.mtx
A: 224617 x 224617, nnz = 12387821
SpGEMM flops = 715500645
nnzC = 38939969
cuSPARSE time = 55.94 ms, GFlops = 25.58

=== C=A^2: heart1 ===
Device [0] NVIDIA A100 80GB PCIe
Loading /scratch/general/vast/u1446071/spgemm_matrices/heart1.mtx
A: 3557 x 3557, nnz = 1387773
SpGEMM flops = 596065851
nnzC = 5273361
cuSPARSE time = 63.78 ms, GFlops = 18.69

=== C=A^2: higgs-twitter ===
Device [0] NVIDIA A100 80GB PCIe
Loading /scratch/general/vast/u1446071/spgemm_matrices/higgs-twitter.mtx
A: 456626 x 456626, nnz = 14855842
SpGEMM flops = 1601068599
cuSPARSE error src/cusparse_spgemm.cu:222: 11
[ERROR] higgs-twitter failed (exit=1)

=== C=A^2: hollywood-2009 ===
Device [0] NVIDIA A100 80GB PCIe
Loading /scratch/general/vast/u1446071/spgemm_matrices/hollywood-2009.mtx
A: 1139905 x 1139905, nnz = 113891327
SpGEMM flops = 95630208429
cuSPARSE error src/cusparse_spgemm.cu:205: 11
[ERROR] hollywood-2009 failed (exit=1)

=== C=A^2: hood ===
Device [0] NVIDIA A100 80GB PCIe
Loading /scratch/general/vast/u1446071/spgemm_matrices/hood.mtx
A: 220542 x 220542, nnz = 10768436
SpGEMM flops = 562028138
nnzC = 34242180
cuSPARSE time = 51.00 ms, GFlops = 22.04

=== C=A^2: Hook_1498 ===
Device [0] NVIDIA A100 80GB PCIe
Loading /scratch/general/vast/u1446071/spgemm_matrices/Hook_1498.mtx
A: 1498023 x 1498023, nnz = 60917445
SpGEMM flops = 2768898411
cuSPARSE error src/cusparse_spgemm.cu:205: 11
[ERROR] Hook_1498 failed (exit=1)

=== C=A^2: human_gene1 ===
Device [0] NVIDIA A100 80GB PCIe
Loading /scratch/general/vast/u1446071/spgemm_matrices/human_gene1.mtx
A: 22283 x 22283, nnz = 24669643
SpGEMM flops = 71557562711
cuSPARSE error src/cusparse_spgemm.cu:205: 11
[ERROR] human_gene1 failed (exit=1)

=== C=A^2: human_gene2 ===
Device [0] NVIDIA A100 80GB PCIe
Loading /scratch/general/vast/u1446071/spgemm_matrices/human_gene2.mtx
A: 14340 x 14340, nnz = 18068388
SpGEMM flops = 49883051738
cuSPARSE error src/cusparse_spgemm.cu:205: 11
[ERROR] human_gene2 failed (exit=1)

=== C=A^2: in-2004 ===
Device [0] NVIDIA A100 80GB PCIe
Loading /scratch/general/vast/u1446071/spgemm_matrices/in-2004.mtx
A: 1382908 x 1382908, nnz = 16917053
SpGEMM flops = 1708503481
cuSPARSE error src/cusparse_spgemm.cu:222: 11
[ERROR] in-2004 failed (exit=1)

=== C=A^2: indochina-2004 ===
Device [0] NVIDIA A100 80GB PCIe
Loading /scratch/general/vast/u1446071/spgemm_matrices/indochina-2004.mtx
A: 7414866 x 7414866, nnz = 194109311
SpGEMM flops = 346753756151
cuSPARSE error src/cusparse_spgemm.cu:205: 11
[ERROR] indochina-2004 failed (exit=1)

=== C=A^2: inline_1 ===
Device [0] NVIDIA A100 80GB PCIe
Loading /scratch/general/vast/u1446071/spgemm_matrices/inline_1.mtx
A: 503712 x 503712, nnz = 36816342
SpGEMM flops = 3330443366
cuSPARSE error src/cusparse_spgemm.cu:205: 11
[ERROR] inline_1 failed (exit=1)

=== C=A^2: kim2 ===
Device [0] NVIDIA A100 80GB PCIe
Loading /scratch/general/vast/u1446071/spgemm_matrices/kim2.mtx
munmap_chunk(): invalid pointer
timeout: the monitored command dumped core
[ERROR] kim2 failed (exit=139)

=== C=A^2: kmer_A2a ===
Device [0] NVIDIA A100 80GB PCIe
Loading /scratch/general/vast/u1446071/spgemm_matrices/kmer_A2a.mtx
A: 170728175 x 170728175, nnz = 360585172
SpGEMM flops = 816003894
cuSPARSE error src/cusparse_spgemm.cu:222: 11
[ERROR] kmer_A2a failed (exit=1)

=== C=A^2: kmer_P1a ===
Device [0] NVIDIA A100 80GB PCIe
Loading /scratch/general/vast/u1446071/spgemm_matrices/kmer_P1a.mtx
A: 139353211 x 139353211, nnz = 297829984
SpGEMM flops = 693044878
cuSPARSE error src/cusparse_spgemm.cu:222: 11
[ERROR] kmer_P1a failed (exit=1)

=== C=A^2: kmer_U1a ===
Device [0] NVIDIA A100 80GB PCIe
Loading /scratch/general/vast/u1446071/spgemm_matrices/kmer_U1a.mtx
A: 67716231 x 67716231, nnz = 138778562
SpGEMM flops = 293457606
cuSPARSE error src/cusparse_spgemm.cu:222: 11
[ERROR] kmer_U1a failed (exit=1)

=== C=A^2: kmer_V1r ===
Device [0] NVIDIA A100 80GB PCIe
Loading /scratch/general/vast/u1446071/spgemm_matrices/kmer_V1r.mtx
A: 214005017 x 214005017, nnz = 465410904
SpGEMM flops = 1080000338
cuSPARSE error src/cusparse_spgemm.cu:222: 11
[ERROR] kmer_V1r failed (exit=1)

=== C=A^2: kmer_V2a ===
Device [0] NVIDIA A100 80GB PCIe
Loading /scratch/general/vast/u1446071/spgemm_matrices/kmer_V2a.mtx
A: 55042369 x 55042369, nnz = 117217600
SpGEMM flops = 274563472
cuSPARSE error src/cusparse_spgemm.cu:222: 11
[ERROR] kmer_V2a failed (exit=1)

=== C=A^2: kron_g500-logn16 ===
Device [0] NVIDIA A100 80GB PCIe
Loading /scratch/general/vast/u1446071/spgemm_matrices/kron_g500-logn16.mtx
A: 65536 x 65536, nnz = 4912469
SpGEMM flops = 6768428563
cuSPARSE error src/cusparse_spgemm.cu:205: 11
[ERROR] kron_g500-logn16 failed (exit=1)

=== C=A^2: kron_g500-logn17 ===
Device [0] NVIDIA A100 80GB PCIe
Loading /scratch/general/vast/u1446071/spgemm_matrices/kron_g500-logn17.mtx
A: 131072 x 131072, nnz = 10228360
SpGEMM flops = 19536683396
cuSPARSE error src/cusparse_spgemm.cu:205: 11
[ERROR] kron_g500-logn17 failed (exit=1)

=== C=A^2: kron_g500-logn18 ===
Device [0] NVIDIA A100 80GB PCIe
Loading /scratch/general/vast/u1446071/spgemm_matrices/kron_g500-logn18.mtx
A: 262144 x 262144, nnz = 21165908
SpGEMM flops = 55677340576
cuSPARSE error src/cusparse_spgemm.cu:205: 11
[ERROR] kron_g500-logn18 failed (exit=1)

=== C=A^2: kron_g500-logn19 ===
Device [0] NVIDIA A100 80GB PCIe
Loading /scratch/general/vast/u1446071/spgemm_matrices/kron_g500-logn19.mtx
A: 524288 x 524288, nnz = 43562265
SpGEMM flops = 157019711615
cuSPARSE error src/cusparse_spgemm.cu:205: 11
[ERROR] kron_g500-logn19 failed (exit=1)

=== C=A^2: kron_g500-logn20 ===
Device [0] NVIDIA A100 80GB PCIe
Loading /scratch/general/vast/u1446071/spgemm_matrices/kron_g500-logn20.mtx
A: 1048576 x 1048576, nnz = 89239674
SpGEMM flops = 438410747284
cuSPARSE error src/cusparse_spgemm.cu:205: 11
[ERROR] kron_g500-logn20 failed (exit=1)

=== C=A^2: kron_g500-logn21 ===
Device [0] NVIDIA A100 80GB PCIe
Loading /scratch/general/vast/u1446071/spgemm_matrices/kron_g500-logn21.mtx
A: 2097152 x 2097152, nnz = 182082942
SpGEMM flops = 1213270258808
cuSPARSE error src/cusparse_spgemm.cu:205: 11
[ERROR] kron_g500-logn21 failed (exit=1)

=== C=A^2: laminar_duct3D ===
Device [0] NVIDIA A100 80GB PCIe
Loading /scratch/general/vast/u1446071/spgemm_matrices/laminar_duct3D.mtx
A: 67173 x 67173, nnz = 3833077
SpGEMM flops = 286051210
nnzC = 18934077
cuSPARSE time = 19.61 ms, GFlops = 29.18

=== C=A^2: ldoor ===
Device [0] NVIDIA A100 80GB PCIe
Loading /scratch/general/vast/u1446071/spgemm_matrices/ldoor.mtx
A: 952203 x 952203, nnz = 46522475
SpGEMM flops = 2408881377
cuSPARSE error src/cusparse_spgemm.cu:205: 11
[ERROR] ldoor failed (exit=1)

=== C=A^2: ljournal-2008 ===
Device [0] NVIDIA A100 80GB PCIe
Loading /scratch/general/vast/u1446071/spgemm_matrices/ljournal-2008.mtx
A: 5363260 x 5363260, nnz = 79023142
SpGEMM flops = 7828656041
cuSPARSE error src/cusparse_spgemm.cu:205: 11
[ERROR] ljournal-2008 failed (exit=1)

=== C=A^2: Long_Coup_dt0 ===
Device [0] NVIDIA A100 80GB PCIe
Loading /scratch/general/vast/u1446071/spgemm_matrices/Long_Coup_dt0.mtx
A: 1470152 x 1470152, nnz = 87088992
SpGEMM flops = 5224243712
cuSPARSE error src/cusparse_spgemm.cu:205: 11
[ERROR] Long_Coup_dt0 failed (exit=1)

=== C=A^2: Long_Coup_dt6 ===
Device [0] NVIDIA A100 80GB PCIe
Loading /scratch/general/vast/u1446071/spgemm_matrices/Long_Coup_dt6.mtx
A: 1470152 x 1470152, nnz = 87088992
SpGEMM flops = 5224243712
cuSPARSE error src/cusparse_spgemm.cu:205: 11
[ERROR] Long_Coup_dt6 failed (exit=1)

=== C=A^2: mac_econ_fwd500 ===
Device [0] NVIDIA A100 80GB PCIe
Loading /scratch/general/vast/u1446071/spgemm_matrices/mac_econ_fwd500.mtx
A: 206500 x 206500, nnz = 1273389
SpGEMM flops = 7556897
nnzC = 6704899
cuSPARSE time = 0.97 ms, GFlops = 15.64

=== C=A^2: mawi_201512020030 ===
Device [0] NVIDIA A100 80GB PCIe
Loading /scratch/general/vast/u1446071/spgemm_matrices/mawi_201512020030.mtx
A: 68863315 x 68863315, nnz = 143414960
SpGEMM flops = 3974321527657862
cuSPARSE error src/cusparse_spgemm.cu:205: 11
[ERROR] mawi_201512020030 failed (exit=1)

=== C=A^2: mawi_201512020130 ===
Device [0] NVIDIA A100 80GB PCIe
Loading /scratch/general/vast/u1446071/spgemm_matrices/mawi_201512020130.mtx
A: 128568730 x 128568730, nnz = 270234840
SpGEMM flops = 14207313062962228
cuSPARSE error src/cusparse_spgemm.cu:205: 11
[ERROR] mawi_201512020130 failed (exit=1)

=== C=A^2: mawi_201512020330 ===
Device [0] NVIDIA A100 80GB PCIe
Loading /scratch/general/vast/u1446071/spgemm_matrices/mawi_201512020330.mtx
A: 226196185 x 226196185, nnz = 480047894
SpGEMM flops = 44436208638696954
cuSPARSE error src/cusparse_spgemm.cu:205: 11
[ERROR] mawi_201512020330 failed (exit=1)

=== C=A^2: mc2depi ===
Device [0] NVIDIA A100 80GB PCIe
Loading /scratch/general/vast/u1446071/spgemm_matrices/mc2depi.mtx
A: 525825 x 525825, nnz = 2100225
SpGEMM flops = 8391680
nnzC = 5245952
cuSPARSE time = 0.85 ms, GFlops = 19.74

=== C=A^2: mip1 ===
Device [0] NVIDIA A100 80GB PCIe
Loading /scratch/general/vast/u1446071/spgemm_matrices/mip1.mtx
A: 66463 x 66463, nnz = 10352819
SpGEMM flops = 9789022557
cuSPARSE error src/cusparse_spgemm.cu:205: 11
[ERROR] mip1 failed (exit=1)

=== C=A^2: ML_Geer ===
Device [0] NVIDIA A100 80GB PCIe
Loading /scratch/general/vast/u1446071/spgemm_matrices/ML_Geer.mtx
A: 1504002 x 1504002, nnz = 110879972
SpGEMM flops = 8183887848
cuSPARSE error src/cusparse_spgemm.cu:205: 11
[ERROR] ML_Geer failed (exit=1)

=== C=A^2: ML_Laplace ===
Device [0] NVIDIA A100 80GB PCIe
Loading /scratch/general/vast/u1446071/spgemm_matrices/ML_Laplace.mtx
A: 377002 x 377002, nnz = 27689972
SpGEMM flops = 2038451848
nnzC = 95882884
cuSPARSE time = 123.54 ms, GFlops = 33.00

=== C=A^2: mouse_gene ===
Device [0] NVIDIA A100 80GB PCIe
Loading /scratch/general/vast/u1446071/spgemm_matrices/mouse_gene.mtx
A: 45101 x 45101, nnz = 28967291
SpGEMM flops = 51703801103
cuSPARSE error src/cusparse_spgemm.cu:205: 11
[ERROR] mouse_gene failed (exit=1)

=== C=A^2: msdoor ===
Device [0] NVIDIA A100 80GB PCIe
Loading /scratch/general/vast/u1446071/spgemm_matrices/msdoor.mtx
A: 415863 x 415863, nnz = 20240935
SpGEMM flops = 1042194293
nnzC = 62822459
cuSPARSE time = 94.80 ms, GFlops = 21.99

=== C=A^2: m_t1 ===
Device [0] NVIDIA A100 80GB PCIe
Loading /scratch/general/vast/u1446071/spgemm_matrices/m_t1.mtx
A: 97578 x 97578, nnz = 9753570
SpGEMM flops = 1054513134
nnzC = 36533142
cuSPARSE time = 55.70 ms, GFlops = 37.86

=== C=A^2: mycielskian13 ===
Device [0] NVIDIA A100 80GB PCIe
Loading /scratch/general/vast/u1446071/spgemm_matrices/mycielskian13.mtx
A: 6143 x 6143, nnz = 1227742
SpGEMM flops = 620201162
nnzC = 36508707
cuSPARSE time = 107.54 ms, GFlops = 11.53

=== C=A^2: mycielskian14 ===
Device [0] NVIDIA A100 80GB PCIe
Loading /scratch/general/vast/u1446071/spgemm_matrices/mycielskian14.mtx
A: 12287 x 12287, nnz = 3695512
SpGEMM flops = 3141203886
cuSPARSE error src/cusparse_spgemm.cu:205: 11
[ERROR] mycielskian14 failed (exit=1)

=== C=A^2: mycielskian15 ===
Device [0] NVIDIA A100 80GB PCIe
Loading /scratch/general/vast/u1446071/spgemm_matrices/mycielskian15.mtx
A: 24575 x 24575, nnz = 11111110
SpGEMM flops = 15864393110
cuSPARSE error src/cusparse_spgemm.cu:205: 11
[ERROR] mycielskian15 failed (exit=1)

=== C=A^2: mycielskian16 ===
Device [0] NVIDIA A100 80GB PCIe
Loading /scratch/general/vast/u1446071/spgemm_matrices/mycielskian16.mtx
A: 49151 x 49151, nnz = 33382480
SpGEMM flops = 79948142970
cuSPARSE error src/cusparse_spgemm.cu:205: 11
[ERROR] mycielskian16 failed (exit=1)

=== C=A^2: mycielskian17 ===
Device [0] NVIDIA A100 80GB PCIe
Loading /scratch/general/vast/u1446071/spgemm_matrices/mycielskian17.mtx
A: 98303 x 98303, nnz = 100245742
SpGEMM flops = 402223349762
cuSPARSE error src/cusparse_spgemm.cu:205: 11
[ERROR] mycielskian17 failed (exit=1)

=== C=A^2: mycielskian18 ===
Device [0] NVIDIA A100 80GB PCIe
Loading /scratch/general/vast/u1446071/spgemm_matrices/mycielskian18.mtx
A: 196607 x 196607, nnz = 300933832
SpGEMM flops = 2020980818406
cuSPARSE error src/cusparse_spgemm.cu:205: 11
[ERROR] mycielskian18 failed (exit=1)

=== C=A^2: mycielskian19 ===
Device [0] NVIDIA A100 80GB PCIe
Loading /scratch/general/vast/u1446071/spgemm_matrices/mycielskian19.mtx
A: 393215 x 393215, nnz = 903194710
SpGEMM flops = 10144160468750
cuSPARSE error src/cusparse_spgemm.cu:205: 11
[ERROR] mycielskian19 failed (exit=1)

=== C=A^2: nd12k ===
Device [0] NVIDIA A100 80GB PCIe
Loading /scratch/general/vast/u1446071/spgemm_matrices/nd12k.mtx
A: 36000 x 36000, nnz = 14220946
SpGEMM flops = 5866811560
cuSPARSE error src/cusparse_spgemm.cu:205: 11
[ERROR] nd12k failed (exit=1)

=== C=A^2: nd24k ===
Device [0] NVIDIA A100 80GB PCIe
Loading /scratch/general/vast/u1446071/spgemm_matrices/nd24k.mtx
A: 72000 x 72000, nnz = 28715634
SpGEMM flops = 11878868250
cuSPARSE error src/cusparse_spgemm.cu:205: 11
[ERROR] nd24k failed (exit=1)

=== C=A^2: nd3k ===
Device [0] NVIDIA A100 80GB PCIe
Loading /scratch/general/vast/u1446071/spgemm_matrices/nd3k.mtx
A: 9000 x 9000, nnz = 3279690
SpGEMM flops = 1275971514
nnzC = 18491738
cuSPARSE time = 134.73 ms, GFlops = 18.94

=== C=A^2: nd6k ===
Device [0] NVIDIA A100 80GB PCIe
Loading /scratch/general/vast/u1446071/spgemm_matrices/nd6k.mtx
A: 18000 x 18000, nnz = 6897316
SpGEMM flops = 2786075040
cuSPARSE error src/cusparse_spgemm.cu:205: 11
[ERROR] nd6k failed (exit=1)

=== C=A^2: nemeth23 ===
Device [0] NVIDIA A100 80GB PCIe
Loading /scratch/general/vast/u1446071/spgemm_matrices/nemeth23.mtx
A: 9506 x 9506, nnz = 1506810
SpGEMM flops = 244444956
nnzC = 3441280
cuSPARSE time = 12.52 ms, GFlops = 39.04

=== C=A^2: nemeth24 ===
Device [0] NVIDIA A100 80GB PCIe
Loading /scratch/general/vast/u1446071/spgemm_matrices/nemeth24.mtx
A: 9506 x 9506, nnz = 1506550
SpGEMM flops = 244884334
nnzC = 3486190
cuSPARSE time = 12.69 ms, GFlops = 38.58

=== C=A^2: nemeth25 ===
Device [0] NVIDIA A100 80GB PCIe
Loading /scratch/general/vast/u1446071/spgemm_matrices/nemeth25.mtx
A: 9506 x 9506, nnz = 1511758
SpGEMM flops = 246446874
nnzC = 3486190
cuSPARSE time = 12.81 ms, GFlops = 38.47

=== C=A^2: nemeth26 ===
Device [0] NVIDIA A100 80GB PCIe
Loading /scratch/general/vast/u1446071/spgemm_matrices/nemeth26.mtx
A: 9506 x 9506, nnz = 1511760
SpGEMM flops = 246447354
nnzC = 3486190
cuSPARSE time = 12.80 ms, GFlops = 38.52

=== C=A^2: net150 ===
Device [0] NVIDIA A100 80GB PCIe
Loading /scratch/general/vast/u1446071/spgemm_matrices/net150.mtx
A: 43520 x 43520, nnz = 3121200
SpGEMM flops = 467208280
nnzC = 238012852
cuSPARSE time = 57.79 ms, GFlops = 16.17

=== C=A^2: nlpkkt120 ===
Device [0] NVIDIA A100 80GB PCIe
Loading /scratch/general/vast/u1446071/spgemm_matrices/nlpkkt120.mtx
A: 3542400 x 3542400, nnz = 96845792
SpGEMM flops = 2681554304
cuSPARSE error src/cusparse_spgemm.cu:205: 11
[ERROR] nlpkkt120 failed (exit=1)

=== C=A^2: nlpkkt160 ===
Device [0] NVIDIA A100 80GB PCIe
Loading /scratch/general/vast/u1446071/spgemm_matrices/nlpkkt160.mtx
A: 8345600 x 8345600, nnz = 229518112
SpGEMM flops = 6372858304
cuSPARSE error src/cusparse_spgemm.cu:205: 11
[ERROR] nlpkkt160 failed (exit=1)

=== C=A^2: nlpkkt200 ===
Device [0] NVIDIA A100 80GB PCIe
Loading /scratch/general/vast/u1446071/spgemm_matrices/nlpkkt200.mtx
A: 16240000 x 16240000, nnz = 448225632
SpGEMM flops = 12466408704
cuSPARSE error src/cusparse_spgemm.cu:205: 11
[ERROR] nlpkkt200 failed (exit=1)

=== C=A^2: nlpkkt240 ===
Device [0] NVIDIA A100 80GB PCIe
Loading /scratch/general/vast/u1446071/spgemm_matrices/nlpkkt240.mtx
A: 27993600 x 27993600, nnz = 774472352
SpGEMM flops = 21564317504
cuSPARSE error src/cusparse_spgemm.cu:205: 11
[ERROR] nlpkkt240 failed (exit=1)

=== C=A^2: nlpkkt80 ===
Device [0] NVIDIA A100 80GB PCIe
Loading /scratch/general/vast/u1446071/spgemm_matrices/nlpkkt80.mtx
A: 1062400 x 1062400, nnz = 28704672
SpGEMM flops = 790384704
nnzC = 154663144
cuSPARSE time = 130.15 ms, GFlops = 12.15

=== C=A^2: nv2 ===
Device [0] NVIDIA A100 80GB PCIe
Loading /scratch/general/vast/u1446071/spgemm_matrices/nv2.mtx
A: 1453908 x 1453908, nnz = 52728362
SpGEMM flops = 2034624478
nnzC = 310543360
cuSPARSE time = 286.55 ms, GFlops = 14.20

=== C=A^2: ohne2 ===
Device [0] NVIDIA A100 80GB PCIe
Loading /scratch/general/vast/u1446071/spgemm_matrices/ohne2.mtx
A: 181343 x 181343, nnz = 11063545
SpGEMM flops = 755597643
nnzC = 72432047
cuSPARSE time = 61.49 ms, GFlops = 24.58

=== C=A^2: opt1 ===
Device [0] NVIDIA A100 80GB PCIe
Loading /scratch/general/vast/u1446071/spgemm_matrices/opt1.mtx
A: 15449 x 15449, nnz = 1930655
SpGEMM flops = 269171047
nnzC = 8224575
cuSPARSE time = 15.54 ms, GFlops = 34.64

=== C=A^2: packing-500x100x100-b050 ===
Device [0] NVIDIA A100 80GB PCIe
Loading /scratch/general/vast/u1446071/spgemm_matrices/packing-500x100x100-b050.mtx
A: 2145852 x 2145852, nnz = 34976486
SpGEMM flops = 587282846
nnzC = 169578965
cuSPARSE time = 27.01 ms, GFlops = 43.49

=== C=A^2: pattern1 ===
Device [0] NVIDIA A100 80GB PCIe
Loading /scratch/general/vast/u1446071/spgemm_matrices/pattern1.mtx
A: 19242 x 19242, nnz = 9323432
SpGEMM flops = 7292315690
cuSPARSE error src/cusparse_spgemm.cu:205: 11
[ERROR] pattern1 failed (exit=1)

=== C=A^2: pdb1HYS ===
Device [0] NVIDIA A100 80GB PCIe
Loading /scratch/general/vast/u1446071/spgemm_matrices/pdb1HYS.mtx
A: 36417 x 36417, nnz = 4344765
SpGEMM flops = 555322659
nnzC = 19594581
cuSPARSE time = 31.66 ms, GFlops = 35.09

=== C=A^2: PFlow_742 ===
Device [0] NVIDIA A100 80GB PCIe
Loading /scratch/general/vast/u1446071/spgemm_matrices/PFlow_742.mtx
A: 742793 x 742793, nnz = 37138461
SpGEMM flops = 2153163125
cuSPARSE error src/cusparse_spgemm.cu:205: 11
[ERROR] PFlow_742 failed (exit=1)

=== C=A^2: pkustk04 ===
Device [0] NVIDIA A100 80GB PCIe
Loading /scratch/general/vast/u1446071/spgemm_matrices/pkustk04.mtx
A: 55590 x 55590, nnz = 4218660
SpGEMM flops = 1003691088
nnzC = 164709684
cuSPARSE time = 130.76 ms, GFlops = 15.35

=== C=A^2: pkustk07 ===
Device [0] NVIDIA A100 80GB PCIe
Loading /scratch/general/vast/u1446071/spgemm_matrices/pkustk07.mtx
A: 16860 x 16860, nnz = 2418804
SpGEMM flops = 410021730
nnzC = 13944528
cuSPARSE time = 28.26 ms, GFlops = 29.01

=== C=A^2: pkustk08 ===
Device [0] NVIDIA A100 80GB PCIe
Loading /scratch/general/vast/u1446071/spgemm_matrices/pkustk08.mtx
A: 22209 x 22209, nnz = 3226671
SpGEMM flops = 552893121
nnzC = 18895419
cuSPARSE time = 37.74 ms, GFlops = 29.30

=== C=A^2: pkustk10 ===
Device [0] NVIDIA A100 80GB PCIe
Loading /scratch/general/vast/u1446071/spgemm_matrices/pkustk10.mtx
A: 80676 x 80676, nnz = 4308984
SpGEMM flops = 233628624
nnzC = 12233304
cuSPARSE time = 18.56 ms, GFlops = 25.18

=== C=A^2: pkustk11 ===
Device [0] NVIDIA A100 80GB PCIe
Loading /scratch/general/vast/u1446071/spgemm_matrices/pkustk11.mtx
A: 87804 x 87804, nnz = 5217912
SpGEMM flops = 365102640
nnzC = 21435768
cuSPARSE time = 25.03 ms, GFlops = 29.17

=== C=A^2: pkustk12 ===
Device [0] NVIDIA A100 80GB PCIe
Loading /scratch/general/vast/u1446071/spgemm_matrices/pkustk12.mtx
A: 94653 x 94653, nnz = 7512317
SpGEMM flops = 2680479077
cuSPARSE error src/cusparse_spgemm.cu:205: 11
[ERROR] pkustk12 failed (exit=1)

=== C=A^2: pkustk13 ===
Device [0] NVIDIA A100 80GB PCIe
Loading /scratch/general/vast/u1446071/spgemm_matrices/pkustk13.mtx
A: 94893 x 94893, nnz = 6616827
SpGEMM flops = 562997403
nnzC = 39507999
cuSPARSE time = 35.72 ms, GFlops = 31.52

=== C=A^2: pkustk14 ===
Device [0] NVIDIA A100 80GB PCIe
Loading /scratch/general/vast/u1446071/spgemm_matrices/pkustk14.mtx
A: 151926 x 151926, nnz = 14836504
SpGEMM flops = 1777485814
nnzC = 72584244
cuSPARSE time = 114.25 ms, GFlops = 31.12

=== C=A^2: PR02R ===
Device [0] NVIDIA A100 80GB PCIe
Loading /scratch/general/vast/u1446071/spgemm_matrices/PR02R.mtx
A: 161070 x 161070, nnz = 8185136
SpGEMM flops = 471911391
nnzC = 30969453
cuSPARSE time = 35.72 ms, GFlops = 26.42

=== C=A^2: pwtk ===
Device [0] NVIDIA A100 80GB PCIe
Loading /scratch/general/vast/u1446071/spgemm_matrices/pwtk.mtx
A: 217918 x 217918, nnz = 11634424
SpGEMM flops = 626054402
nnzC = 32772236
cuSPARSE time = 48.99 ms, GFlops = 25.56

=== C=A^2: Queen_4147 ===
Device [0] NVIDIA A100 80GB PCIe
Loading /scratch/general/vast/u1446071/spgemm_matrices/Queen_4147.mtx
A: 4147110 x 4147110, nnz = 329499284
SpGEMM flops = 26346406576
cuSPARSE error src/cusparse_spgemm.cu:205: 11
[ERROR] Queen_4147 failed (exit=1)

=== C=A^2: ramage02 ===
Device [0] NVIDIA A100 80GB PCIe
Loading /scratch/general/vast/u1446071/spgemm_matrices/ramage02.mtx
A: 16830 x 16830, nnz = 2866352
SpGEMM flops = 535195176
nnzC = 14592198
cuSPARSE time = 37.58 ms, GFlops = 28.49

=== C=A^2: rgg_n_2_21_s0 ===
Device [0] NVIDIA A100 80GB PCIe
Loading /scratch/general/vast/u1446071/spgemm_matrices/rgg_n_2_21_s0.mtx
A: 2097152 x 2097152, nnz = 28975990
SpGEMM flops = 429575072
nnzC = 88491346
cuSPARSE time = 19.84 ms, GFlops = 43.31

=== C=A^2: rgg_n_2_22_s0 ===
Device [0] NVIDIA A100 80GB PCIe
Loading /scratch/general/vast/u1446071/spgemm_matrices/rgg_n_2_22_s0.mtx
A: 4194304 x 4194304, nnz = 60718396
SpGEMM flops = 939942910
nnzC = 187016507
cuSPARSE time = 42.62 ms, GFlops = 44.11

=== C=A^2: rgg_n_2_23_s0 ===
Device [0] NVIDIA A100 80GB PCIe
Loading /scratch/general/vast/u1446071/spgemm_matrices/rgg_n_2_23_s0.mtx
A: 8388608 x 8388608, nnz = 127002786
SpGEMM flops = 2050055514
nnzC = 394133281
cuSPARSE time = 93.16 ms, GFlops = 44.01

=== C=A^2: rgg_n_2_24_s0 ===
Device [0] NVIDIA A100 80GB PCIe
Loading /scratch/general/vast/u1446071/spgemm_matrices/rgg_n_2_24_s0.mtx
A: 16777216 x 16777216, nnz = 265114400
SpGEMM flops = 4455117406
cuSPARSE error src/cusparse_spgemm.cu:205: 11
[ERROR] rgg_n_2_24_s0 failed (exit=1)

=== C=A^2: RM07R ===
Device [0] NVIDIA A100 80GB PCIe
Loading /scratch/general/vast/u1446071/spgemm_matrices/RM07R.mtx
A: 381689 x 381689, nnz = 37464962
SpGEMM flops = 5272142064
cuSPARSE error src/cusparse_spgemm.cu:205: 11
[ERROR] RM07R failed (exit=1)

=== C=A^2: rma10 ===
Device [0] NVIDIA A100 80GB PCIe
Loading /scratch/general/vast/u1446071/spgemm_matrices/rma10.mtx
A: 46835 x 46835, nnz = 2374001
SpGEMM flops = 156480259
nnzC = 7900917
cuSPARSE time = 10.85 ms, GFlops = 28.86

=== C=A^2: s3dkq4m2 ===
Device [0] NVIDIA A100 80GB PCIe
Loading /scratch/general/vast/u1446071/spgemm_matrices/s3dkq4m2.mtx
A: 90449 x 90449, nnz = 4820891
SpGEMM flops = 258143357
nnzC = 13282553
cuSPARSE time = 20.35 ms, GFlops = 25.37

=== C=A^2: scircuit ===
Device [0] NVIDIA A100 80GB PCIe
Loading /scratch/general/vast/u1446071/spgemm_matrices/scircuit.mtx
A: 170998 x 170998, nnz = 958936
SpGEMM flops = 8676313
nnzC = 5222525
cuSPARSE time = 1.18 ms, GFlops = 14.74

=== C=A^2: Serena ===
Device [0] NVIDIA A100 80GB PCIe
Loading /scratch/general/vast/u1446071/spgemm_matrices/Serena.mtx
A: 1391349 x 1391349, nnz = 64531701
SpGEMM flops = 3111966351
cuSPARSE error src/cusparse_spgemm.cu:205: 11
[ERROR] Serena failed (exit=1)

=== C=A^2: ship_001 ===
Device [0] NVIDIA A100 80GB PCIe
Loading /scratch/general/vast/u1446071/spgemm_matrices/ship_001.mtx
A: 34920 x 34920, nnz = 4644230
SpGEMM flops = 724065786
nnzC = 25600538
cuSPARSE time = 46.10 ms, GFlops = 31.42

=== C=A^2: shipsec1 ===
Device [0] NVIDIA A100 80GB PCIe
Loading /scratch/general/vast/u1446071/spgemm_matrices/shipsec1.mtx
A: 140874 x 140874, nnz = 7813404
SpGEMM flops = 450639288
nnzC = 24086412
cuSPARSE time = 34.25 ms, GFlops = 26.31

=== C=A^2: Si34H36 ===
Device [0] NVIDIA A100 80GB PCIe
Loading /scratch/general/vast/u1446071/spgemm_matrices/Si34H36.mtx
A: 97569 x 97569, nnz = 5156379
SpGEMM flops = 736154859
nnzC = 65211697
cuSPARSE time = 71.63 ms, GFlops = 20.55

=== C=A^2: Si41Ge41H72 ===
Device [0] NVIDIA A100 80GB PCIe
Loading /scratch/general/vast/u1446071/spgemm_matrices/Si41Ge41H72.mtx
A: 185639 x 185639, nnz = 15011265
SpGEMM flops = 4206695551
cuSPARSE error src/cusparse_spgemm.cu:205: 11
[ERROR] Si41Ge41H72 failed (exit=1)

=== C=A^2: Si87H76 ===
Device [0] NVIDIA A100 80GB PCIe
Loading /scratch/general/vast/u1446071/spgemm_matrices/Si87H76.mtx
A: 240369 x 240369, nnz = 10661631
SpGEMM flops = 851575071
nnzC = 141319585
cuSPARSE time = 84.73 ms, GFlops = 20.10

=== C=A^2: SiO2 ===
Device [0] NVIDIA A100 80GB PCIe
Loading /scratch/general/vast/u1446071/spgemm_matrices/SiO2.mtx
A: 155331 x 155331, nnz = 11283503
SpGEMM flops = 14261280271
cuSPARSE error src/cusparse_spgemm.cu:205: 11
[ERROR] SiO2 failed (exit=1)

=== C=A^2: sme3Dc ===
Device [0] NVIDIA A100 80GB PCIe
Loading /scratch/general/vast/u1446071/spgemm_matrices/sme3Dc.mtx
A: 42930 x 42930, nnz = 3148656
SpGEMM flops = 289653169
nnzC = 22744224
cuSPARSE time = 26.59 ms, GFlops = 21.79

=== C=A^2: smt ===
Device [0] NVIDIA A100 80GB PCIe
Loading /scratch/general/vast/u1446071/spgemm_matrices/smt.mtx
A: 25710 x 25710, nnz = 3753184
SpGEMM flops = 605945948
nnzC = 19444560
cuSPARSE time = 40.88 ms, GFlops = 29.65

=== C=A^2: soc-LiveJournal1 ===
Device [0] NVIDIA A100 80GB PCIe
Loading /scratch/general/vast/u1446071/spgemm_matrices/soc-LiveJournal1.mtx
A: 4847571 x 4847571, nnz = 68993773
SpGEMM flops = 5915633945
cuSPARSE error src/cusparse_spgemm.cu:205: 11
[ERROR] soc-LiveJournal1 failed (exit=1)

=== C=A^2: soc-Pokec ===
Device [0] NVIDIA A100 80GB PCIe
Loading /scratch/general/vast/u1446071/spgemm_matrices/soc-Pokec.mtx
A: 1632803 x 1632803, nnz = 30622564
SpGEMM flops = 1780294899
cuSPARSE error src/cusparse_spgemm.cu:222: 11
[ERROR] soc-Pokec failed (exit=1)

=== C=A^2: ss ===
Device [0] NVIDIA A100 80GB PCIe
Loading /scratch/general/vast/u1446071/spgemm_matrices/ss.mtx
A: 1652680 x 1652680, nnz = 34753577
SpGEMM flops = 687203895
nnzC = 138289810
cuSPARSE time = 69.92 ms, GFlops = 19.66

=== C=A^2: StocF-1465 ===
Device [0] NVIDIA A100 80GB PCIe
Loading /scratch/general/vast/u1446071/spgemm_matrices/StocF-1465.mtx
A: 1465137 x 1465137, nnz = 21005389
SpGEMM flops = 310855795
nnzC = 93163361
cuSPARSE time = 16.14 ms, GFlops = 38.53

=== C=A^2: stokes ===
Device [0] NVIDIA A100 80GB PCIe
Loading /scratch/general/vast/u1446071/spgemm_matrices/stokes.mtx
A: 11449533 x 11449533, nnz = 349321980
SpGEMM flops = 9424182529
cuSPARSE error src/cusparse_spgemm.cu:205: 11
[ERROR] stokes failed (exit=1)

=== C=A^2: sx-stackoverflow ===
Device [0] NVIDIA A100 80GB PCIe
Loading /scratch/general/vast/u1446071/spgemm_matrices/sx-stackoverflow.mtx
A: 2601977 x 2601977, nnz = 36233450
SpGEMM flops = 19688258838
cuSPARSE error src/cusparse_spgemm.cu:205: 11
[ERROR] sx-stackoverflow failed (exit=1)

=== C=A^2: t3dh_a ===
Device [0] NVIDIA A100 80GB PCIe
Loading /scratch/general/vast/u1446071/spgemm_matrices/t3dh_a.mtx
A: 79171 x 79171, nnz = 4352105
SpGEMM flops = 255940359
nnzC = 25021537
cuSPARSE time = 20.81 ms, GFlops = 24.60

=== C=A^2: t3dh_e ===
Device [0] NVIDIA A100 80GB PCIe
Loading /scratch/general/vast/u1446071/spgemm_matrices/t3dh_e.mtx
A: 79171 x 79171, nnz = 4352105
SpGEMM flops = 255940359
nnzC = 25021537
cuSPARSE time = 20.83 ms, GFlops = 24.58

=== C=A^2: t3dh ===
Device [0] NVIDIA A100 80GB PCIe
Loading /scratch/general/vast/u1446071/spgemm_matrices/t3dh.mtx
A: 79171 x 79171, nnz = 4352105
SpGEMM flops = 255940359
nnzC = 25021537
cuSPARSE time = 20.81 ms, GFlops = 24.60

=== C=A^2: TEM152078 ===
Device [0] NVIDIA A100 80GB PCIe
Loading /scratch/general/vast/u1446071/spgemm_matrices/TEM152078.mtx
A: 152078 x 152078, nnz = 6459326
SpGEMM flops = 316248060
nnzC = 44565636
cuSPARSE time = 32.85 ms, GFlops = 19.25

=== C=A^2: TEM181302 ===
Device [0] NVIDIA A100 80GB PCIe
Loading /scratch/general/vast/u1446071/spgemm_matrices/TEM181302.mtx
A: 181302 x 181302, nnz = 7839010
SpGEMM flops = 389462070
nnzC = 54981434
cuSPARSE time = 39.92 ms, GFlops = 19.51

=== C=A^2: test1 ===
Device [0] NVIDIA A100 80GB PCIe
Loading /scratch/general/vast/u1446071/spgemm_matrices/test1.mtx
A: 392908 x 392908, nnz = 12968200
SpGEMM flops = 468508270
nnzC = 75250370
cuSPARSE time = 66.46 ms, GFlops = 14.10

=== C=A^2: thread ===
Device [0] NVIDIA A100 80GB PCIe
Loading /scratch/general/vast/u1446071/spgemm_matrices/thread.mtx
A: 29736 x 29736, nnz = 4470048
SpGEMM flops = 738161100
nnzC = 24678162
cuSPARSE time = 49.15 ms, GFlops = 30.03

=== C=A^2: torso1 ===
Device [0] NVIDIA A100 80GB PCIe
Loading /scratch/general/vast/u1446071/spgemm_matrices/torso1.mtx
A: 116158 x 116158, nnz = 8516500
SpGEMM flops = 7598748124
cuSPARSE error src/cusparse_spgemm.cu:205: 11
[ERROR] torso1 failed (exit=1)

=== C=A^2: Transport ===
Device [0] NVIDIA A100 80GB PCIe
Loading /scratch/general/vast/u1446071/spgemm_matrices/Transport.mtx
A: 1602111 x 1602111, nnz = 23500731
SpGEMM flops = 346715709
nnzC = 99905089
cuSPARSE time = 17.80 ms, GFlops = 38.96

=== C=A^2: troll ===
Device [0] NVIDIA A100 80GB PCIe
Loading /scratch/general/vast/u1446071/spgemm_matrices/troll.mtx
A: 213453 x 213453, nnz = 11985111
SpGEMM flops = 708402807
nnzC = 41778513
cuSPARSE time = 52.58 ms, GFlops = 26.94

=== C=A^2: TSC_OPF_1047 ===
Device [0] NVIDIA A100 80GB PCIe
Loading /scratch/general/vast/u1446071/spgemm_matrices/TSC_OPF_1047.mtx
A: 8140 x 8140, nnz = 2016902
SpGEMM flops = 1352381644
nnzC = 8833332
cuSPARSE time = 194.15 ms, GFlops = 13.93

=== C=A^2: TSOPF_FS_b300_c1 ===
Device [0] NVIDIA A100 80GB PCIe
Loading /scratch/general/vast/u1446071/spgemm_matrices/TSOPF_FS_b300_c1.mtx
A: 29214 x 29214, nnz = 4400122
SpGEMM flops = 14023656792
cuSPARSE error src/cusparse_spgemm.cu:205: 11
[ERROR] TSOPF_FS_b300_c1 failed (exit=1)

=== C=A^2: TSOPF_FS_b300_c2 ===
Device [0] NVIDIA A100 80GB PCIe
Loading /scratch/general/vast/u1446071/spgemm_matrices/TSOPF_FS_b300_c2.mtx
A: 56814 x 56814, nnz = 8767466
SpGEMM flops = 53947137470
cuSPARSE error src/cusparse_spgemm.cu:205: 11
[ERROR] TSOPF_FS_b300_c2 failed (exit=1)

=== C=A^2: TSOPF_FS_b300_c3 ===
Device [0] NVIDIA A100 80GB PCIe
Loading /scratch/general/vast/u1446071/spgemm_matrices/TSOPF_FS_b300_c3.mtx
A: 84414 x 84414, nnz = 13135930
SpGEMM flops = 119817914048
cuSPARSE error src/cusparse_spgemm.cu:205: 11
[ERROR] TSOPF_FS_b300_c3 failed (exit=1)

=== C=A^2: TSOPF_FS_b300 ===
Device [0] NVIDIA A100 80GB PCIe
Loading /scratch/general/vast/u1446071/spgemm_matrices/TSOPF_FS_b300.mtx
A: 29214 x 29214, nnz = 4400122
SpGEMM flops = 14023656792
cuSPARSE error src/cusparse_spgemm.cu:205: 11
[ERROR] TSOPF_FS_b300 failed (exit=1)

=== C=A^2: TSOPF_RS_b2052_c1 ===
Device [0] NVIDIA A100 80GB PCIe
Loading /scratch/general/vast/u1446071/spgemm_matrices/TSOPF_RS_b2052_c1.mtx
A: 25626 x 25626, nnz = 6761100
SpGEMM flops = 53335853
nnzC = 30950093
cuSPARSE time = 9.95 ms, GFlops = 10.72

=== C=A^2: TSOPF_RS_b2383_c1 ===
Device [0] NVIDIA A100 80GB PCIe
Loading /scratch/general/vast/u1446071/spgemm_matrices/TSOPF_RS_b2383_c1.mtx
A: 38120 x 38120, nnz = 16171169
SpGEMM flops = 127949437
nnzC = 74318317
cuSPARSE time = 21.51 ms, GFlops = 11.90

=== C=A^2: TSOPF_RS_b2383 ===
Device [0] NVIDIA A100 80GB PCIe
Loading /scratch/general/vast/u1446071/spgemm_matrices/TSOPF_RS_b2383.mtx
A: 38120 x 38120, nnz = 16171169
SpGEMM flops = 127949437
nnzC = 74318317
cuSPARSE time = 21.53 ms, GFlops = 11.89

=== C=A^2: TSOPF_RS_b300_c2 ===
Device [0] NVIDIA A100 80GB PCIe
Loading /scratch/general/vast/u1446071/spgemm_matrices/TSOPF_RS_b300_c2.mtx
A: 28338 x 28338, nnz = 2943887
SpGEMM flops = 23017811
nnzC = 13311015
cuSPARSE time = 4.47 ms, GFlops = 10.29

=== C=A^2: TSOPF_RS_b300_c3 ===
Device [0] NVIDIA A100 80GB PCIe
Loading /scratch/general/vast/u1446071/spgemm_matrices/TSOPF_RS_b300_c3.mtx
A: 42138 x 42138, nnz = 4413449
SpGEMM flops = 34508933
nnzC = 19956888
cuSPARSE time = 6.43 ms, GFlops = 10.73

=== C=A^2: TSOPF_RS_b678_c1 ===
Device [0] NVIDIA A100 80GB PCIe
Loading /scratch/general/vast/u1446071/spgemm_matrices/TSOPF_RS_b678_c1.mtx
A: 18696 x 18696, nnz = 4396289
SpGEMM flops = 34651853
nnzC = 20094405
cuSPARSE time = 5.84 ms, GFlops = 11.87

=== C=A^2: TSOPF_RS_b678_c2 ===
Device [0] NVIDIA A100 80GB PCIe
Loading /scratch/general/vast/u1446071/spgemm_matrices/TSOPF_RS_b678_c2.mtx
A: 35696 x 35696, nnz = 8781949
SpGEMM flops = 69226453
nnzC = 40139105
cuSPARSE time = 11.23 ms, GFlops = 12.33

=== C=A^2: tsyl201 ===
Device [0] NVIDIA A100 80GB PCIe
Loading /scratch/general/vast/u1446071/spgemm_matrices/tsyl201.mtx
A: 20685 x 20685, nnz = 2454957
SpGEMM flops = 308227437
nnzC = 8321013
cuSPARSE time = 19.66 ms, GFlops = 31.35

=== C=A^2: uk-2002 ===
Device [0] NVIDIA A100 80GB PCIe
Loading /scratch/general/vast/u1446071/spgemm_matrices/uk-2002.mtx
A: 18520486 x 18520486, nnz = 298113762
SpGEMM flops = 14603305014
cuSPARSE error src/cusparse_spgemm.cu:205: 11
[ERROR] uk-2002 failed (exit=1)

=== C=A^2: vas_stokes_1M ===
Device [0] NVIDIA A100 80GB PCIe
Loading /scratch/general/vast/u1446071/spgemm_matrices/vas_stokes_1M.mtx
A: 1090664 x 1090664, nnz = 34767207
SpGEMM flops = 985679918
nnzC = 232207994
cuSPARSE time = 117.76 ms, GFlops = 16.74

=== C=A^2: vas_stokes_2M ===
Device [0] NVIDIA A100 80GB PCIe
Loading /scratch/general/vast/u1446071/spgemm_matrices/vas_stokes_2M.mtx
A: 2146677 x 2146677, nnz = 65129037
SpGEMM flops = 1758734169
nnzC = 407961821
cuSPARSE time = 208.32 ms, GFlops = 16.88

=== C=A^2: vas_stokes_4M ===
Device [0] NVIDIA A100 80GB PCIe
Loading /scratch/general/vast/u1446071/spgemm_matrices/vas_stokes_4M.mtx
A: 4382246 x 4382246, nnz = 131577616
SpGEMM flops = 3553402698
cuSPARSE error src/cusparse_spgemm.cu:205: 11
[ERROR] vas_stokes_4M failed (exit=1)

=== C=A^2: vsp_bcsstk30_500sep_10in_1Kout ===
Device [0] NVIDIA A100 80GB PCIe
Loading /scratch/general/vast/u1446071/spgemm_matrices/vsp_bcsstk30_500sep_10in_1Kout.mtx
A: 58348 x 58348, nnz = 4033156
SpGEMM flops = 339135198
nnzC = 18175907
cuSPARSE time = 26.76 ms, GFlops = 25.34

=== C=A^2: vsp_msc10848_300sep_100in_1Kout ===
Device [0] NVIDIA A100 80GB PCIe
Loading /scratch/general/vast/u1446071/spgemm_matrices/vsp_msc10848_300sep_100in_1Kout.mtx
A: 21996 x 21996, nnz = 2442056
SpGEMM flops = 324579262
nnzC = 12828344
cuSPARSE time = 28.70 ms, GFlops = 22.62

=== C=A^2: wb-edu ===
Device [0] NVIDIA A100 80GB PCIe
Loading /scratch/general/vast/u1446071/spgemm_matrices/wb-edu.mtx
A: 9845725 x 9845725, nnz = 57156537
SpGEMM flops = 1559579990
cuSPARSE error src/cusparse_spgemm.cu:222: 11
[ERROR] wb-edu failed (exit=1)

=== C=A^2: webbase-1M ===
Device [0] NVIDIA A100 80GB PCIe
Loading /scratch/general/vast/u1446071/spgemm_matrices/webbase-1M.mtx
A: 1000005 x 1000005, nnz = 3105536
SpGEMM flops = 69524195
nnzC = 51111996
cuSPARSE time = 9.98 ms, GFlops = 13.93

=== C=A^2: wikipedia-20051105 ===
Device [0] NVIDIA A100 80GB PCIe
Loading /scratch/general/vast/u1446071/spgemm_matrices/wikipedia-20051105.mtx
A: 1634989 x 1634989, nnz = 19753078
SpGEMM flops = 2373873670
cuSPARSE error src/cusparse_spgemm.cu:205: 11
[ERROR] wikipedia-20051105 failed (exit=1)

=== C=A^2: wikipedia-20060925 ===
Device [0] NVIDIA A100 80GB PCIe
Loading /scratch/general/vast/u1446071/spgemm_matrices/wikipedia-20060925.mtx
A: 2983494 x 2983494, nnz = 37269096
SpGEMM flops = 5015045714
cuSPARSE error src/cusparse_spgemm.cu:205: 11
[ERROR] wikipedia-20060925 failed (exit=1)

=== C=A^2: wikipedia-20061104 ===
Device [0] NVIDIA A100 80GB PCIe
Loading /scratch/general/vast/u1446071/spgemm_matrices/wikipedia-20061104.mtx
A: 3148440 x 3148440, nnz = 39383235
SpGEMM flops = 5364494074
cuSPARSE error src/cusparse_spgemm.cu:205: 11
[ERROR] wikipedia-20061104 failed (exit=1)

=== C=A^2: wikipedia-20070206 ===
Device [0] NVIDIA A100 80GB PCIe
Loading /scratch/general/vast/u1446071/spgemm_matrices/wikipedia-20070206.mtx
A: 3566907 x 3566907, nnz = 45030389
SpGEMM flops = 6398018911
cuSPARSE error src/cusparse_spgemm.cu:205: 11
[ERROR] wikipedia-20070206 failed (exit=1)

=== C=A^2: wiki-topcats ===
Device [0] NVIDIA A100 80GB PCIe
Loading /scratch/general/vast/u1446071/spgemm_matrices/wiki-topcats.mtx
A: 1791489 x 1791489, nnz = 28511807
SpGEMM flops = 2662974839
cuSPARSE error src/cusparse_spgemm.cu:205: 11
[ERROR] wiki-topcats failed (exit=1)

=== C=A^2: x104 ===
Device [0] NVIDIA A100 80GB PCIe
Loading /scratch/general/vast/u1446071/spgemm_matrices/x104.mtx
A: 108384 x 108384, nnz = 10167624
SpGEMM flops = 1046272464
nnzC = 38701728
cuSPARSE time = 54.47 ms, GFlops = 38.42

=== Benchmark complete: Mon Mar 30 23:38:37 MDT 2026 ===
